device=cuda world=1 trainable params=125.2M
dropped 66 of 12576 records that exceed the training context (384 state / 1024 branch / 2048 packed tokens) under google/gemma-4-31B's tokenizer, which the suite did not admit them with
12510 training requests (holdout=[]), questions by type {'score': 3448, 'noul': 5224, 'choice': 6838}
ep0 step 10/1564 loss 5.421 kl 0.000 anchor 0.000 0.691s/rec
ep0 step 20/1564 loss 3.429 kl 0.000 anchor 0.000 0.643s/rec
ep0 step 30/1564 loss 3.415 kl 0.000 anchor 0.000 0.630s/rec
ep0 step 40/1564 loss 2.971 kl 0.000 anchor 0.000 0.625s/rec
ep0 step 50/1564 loss 3.128 kl 0.000 anchor 0.000 0.621s/rec
ep0 step 60/1564 loss 3.594 kl 0.000 anchor 0.000 0.624s/rec
ep0 step 70/1564 loss 2.293 kl 0.000 anchor 0.000 0.625s/rec
ep0 step 80/1564 loss 1.692 kl 0.000 anchor 0.000 0.622s/rec
ep0 step 90/1564 loss 1.758 kl 0.000 anchor 0.000 0.624s/rec
ep0 step 100/1564 loss 1.341 kl 0.000 anchor 0.000 0.619s/rec
ep0 step 110/1564 loss 0.978 kl 0.000 anchor 0.000 0.609s/rec
ep0 step 120/1564 loss 1.129 kl 0.000 anchor 0.000 0.610s/rec
ep0 step 130/1564 loss 0.785 kl 0.000 anchor 0.000 0.613s/rec
ep0 step 140/1564 loss 0.780 kl 0.000 anchor 0.000 0.615s/rec
ep0 step 150/1564 loss 1.264 kl 0.000 anchor 0.000 0.619s/rec
ep0 step 160/1564 loss 0.708 kl 0.000 anchor 0.000 0.618s/rec
ep0 step 170/1564 loss 0.814 kl 0.000 anchor 0.000 0.621s/rec
ep0 step 180/1564 loss 1.307 kl 0.000 anchor 0.000 0.619s/rec
ep0 step 190/1564 loss 0.845 kl 0.000 anchor 0.000 0.617s/rec
ep0 step 200/1564 loss 0.980 kl 0.000 anchor 0.000 0.616s/rec
ep0 step 210/1564 loss 0.669 kl 0.000 anchor 0.000 0.615s/rec
ep0 step 220/1564 loss 0.822 kl 0.000 anchor 0.000 0.615s/rec
ep0 step 230/1564 loss 0.571 kl 0.000 anchor 0.000 0.616s/rec
ep0 step 240/1564 loss 1.015 kl 0.000 anchor 0.000 0.616s/rec
ep0 step 250/1564 loss 0.664 kl 0.000 anchor 0.000 0.619s/rec
ep0 step 260/1564 loss 0.451 kl 0.000 anchor 0.000 0.617s/rec
ep0 step 270/1564 loss 0.636 kl 0.000 anchor 0.000 0.617s/rec
ep0 step 280/1564 loss 0.627 kl 0.000 anchor 0.000 0.618s/rec
ep0 step 290/1564 loss 0.479 kl 0.000 anchor 0.000 0.618s/rec
ep0 step 300/1564 loss 0.595 kl 0.000 anchor 0.000 0.618s/rec
ep0 step 310/1564 loss 0.568 kl 0.000 anchor 0.000 0.618s/rec
ep0 step 320/1564 loss 0.532 kl 0.000 anchor 0.000 0.618s/rec
ep0 step 330/1564 loss 1.297 kl 0.000 anchor 0.000 0.618s/rec
ep0 step 340/1564 loss 0.549 kl 0.000 anchor 0.000 0.617s/rec
ep0 step 350/1564 loss 0.571 kl 0.000 anchor 0.000 0.617s/rec
ep0 step 360/1564 loss 0.399 kl 0.000 anchor 0.000 0.617s/rec
ep0 step 370/1564 loss 1.148 kl 0.000 anchor 0.000 0.617s/rec
ep0 step 380/1564 loss 0.666 kl 0.000 anchor 0.000 0.619s/rec
ep0 step 390/1564 loss 0.464 kl 0.000 anchor 0.000 0.618s/rec
ep0 step 400/1564 loss 0.529 kl 0.000 anchor 0.000 0.618s/rec
ep0 step 410/1564 loss 0.580 kl 0.000 anchor 0.000 0.619s/rec
ep0 step 420/1564 loss 0.767 kl 0.000 anchor 0.000 0.620s/rec
ep0 step 430/1564 loss 0.553 kl 0.000 anchor 0.000 0.620s/rec
ep0 step 440/1564 loss 0.553 kl 0.000 anchor 0.000 0.621s/rec
ep0 step 450/1564 loss 0.597 kl 0.000 anchor 0.000 0.621s/rec
ep0 step 460/1564 loss 0.447 kl 0.000 anchor 0.000 0.621s/rec
ep0 step 470/1564 loss 0.502 kl 0.000 anchor 0.000 0.621s/rec
ep0 step 480/1564 loss 0.553 kl 0.000 anchor 0.000 0.621s/rec
ep0 step 490/1564 loss 0.441 kl 0.000 anchor 0.000 0.621s/rec
ep0 step 500/1564 loss 0.572 kl 0.000 anchor 0.000 0.621s/rec
ep0 step 510/1564 loss 0.670 kl 0.000 anchor 0.000 0.620s/rec
ep0 step 520/1564 loss 0.440 kl 0.000 anchor 0.000 0.621s/rec
ep0 step 530/1564 loss 0.299 kl 0.000 anchor 0.000 0.620s/rec
ep0 step 540/1564 loss 0.506 kl 0.000 anchor 0.000 0.620s/rec
ep0 step 550/1564 loss 0.701 kl 0.000 anchor 0.000 0.619s/rec
ep0 step 560/1564 loss 0.394 kl 0.000 anchor 0.000 0.620s/rec
ep0 step 570/1564 loss 0.447 kl 0.000 anchor 0.000 0.620s/rec
ep0 step 580/1564 loss 0.364 kl 0.000 anchor 0.000 0.620s/rec
ep0 step 590/1564 loss 0.556 kl 0.000 anchor 0.000 0.620s/rec
ep0 step 600/1564 loss 0.350 kl 0.000 anchor 0.000 0.620s/rec
ep0 step 610/1564 loss 0.678 kl 0.000 anchor 0.000 0.620s/rec
ep0 step 620/1564 loss 0.591 kl 0.000 anchor 0.000 0.620s/rec
ep0 step 630/1564 loss 0.609 kl 0.000 anchor 0.000 0.621s/rec
ep0 step 640/1564 loss 0.404 kl 0.000 anchor 0.000 0.621s/rec
ep0 step 650/1564 loss 0.587 kl 0.000 anchor 0.000 0.621s/rec
ep0 step 660/1564 loss 0.625 kl 0.000 anchor 0.000 0.621s/rec
ep0 step 670/1564 loss 0.623 kl 0.000 anchor 0.000 0.621s/rec
ep0 step 680/1564 loss 0.501 kl 0.000 anchor 0.000 0.622s/rec
ep0 step 690/1564 loss 0.592 kl 0.000 anchor 0.000 0.623s/rec
ep0 step 700/1564 loss 0.282 kl 0.000 anchor 0.000 0.622s/rec
ep0 step 710/1564 loss 0.626 kl 0.000 anchor 0.000 0.622s/rec
ep0 step 720/1564 loss 0.482 kl 0.000 anchor 0.000 0.622s/rec
ep0 step 730/1564 loss 0.459 kl 0.000 anchor 0.000 0.622s/rec
ep0 step 740/1564 loss 0.392 kl 0.000 anchor 0.000 0.621s/rec
ep0 step 750/1564 loss 0.617 kl 0.000 anchor 0.000 0.622s/rec
ep0 step 760/1564 loss 0.306 kl 0.000 anchor 0.000 0.620s/rec
ep0 step 770/1564 loss 0.446 kl 0.000 anchor 0.000 0.620s/rec
ep0 step 780/1564 loss 0.438 kl 0.000 anchor 0.000 0.620s/rec
ep0 step 790/1564 loss 0.526 kl 0.000 anchor 0.000 0.620s/rec
ep0 step 800/1564 loss 0.521 kl 0.000 anchor 0.000 0.620s/rec
ep0 step 810/1564 loss 0.356 kl 0.000 anchor 0.000 0.620s/rec
ep0 step 820/1564 loss 0.949 kl 0.000 anchor 0.000 0.619s/rec
ep0 step 830/1564 loss 0.604 kl 0.000 anchor 0.000 0.618s/rec
ep0 step 840/1564 loss 0.567 kl 0.000 anchor 0.000 0.618s/rec
ep0 step 850/1564 loss 0.456 kl 0.000 anchor 0.000 0.617s/rec
ep0 step 860/1564 loss 0.547 kl 0.000 anchor 0.000 0.617s/rec
ep0 step 870/1564 loss 0.372 kl 0.000 anchor 0.000 0.617s/rec
ep0 step 880/1564 loss 0.696 kl 0.000 anchor 0.000 0.617s/rec
ep0 step 890/1564 loss 0.463 kl 0.000 anchor 0.000 0.616s/rec
ep0 step 900/1564 loss 0.310 kl 0.000 anchor 0.000 0.617s/rec
ep0 step 910/1564 loss 0.612 kl 0.000 anchor 0.000 0.617s/rec
ep0 step 920/1564 loss 0.625 kl 0.000 anchor 0.000 0.616s/rec
ep0 step 930/1564 loss 0.358 kl 0.000 anchor 0.000 0.616s/rec
ep0 step 940/1564 loss 0.467 kl 0.000 anchor 0.000 0.616s/rec
ep0 step 950/1564 loss 0.302 kl 0.000 anchor 0.000 0.615s/rec
ep0 step 960/1564 loss 0.392 kl 0.000 anchor 0.000 0.615s/rec
ep0 step 970/1564 loss 0.746 kl 0.000 anchor 0.000 0.615s/rec
ep0 step 980/1564 loss 0.251 kl 0.000 anchor 0.000 0.615s/rec
ep0 step 990/1564 loss 0.410 kl 0.000 anchor 0.000 0.615s/rec
ep0 step 1000/1564 loss 0.294 kl 0.000 anchor 0.000 0.614s/rec
ep0 step 1010/1564 loss 0.250 kl 0.000 anchor 0.000 0.614s/rec
ep0 step 1020/1564 loss 0.456 kl 0.000 anchor 0.000 0.614s/rec
ep0 step 1030/1564 loss 0.461 kl 0.000 anchor 0.000 0.614s/rec
ep0 step 1040/1564 loss 0.652 kl 0.000 anchor 0.000 0.613s/rec
ep0 step 1050/1564 loss 0.506 kl 0.000 anchor 0.000 0.613s/rec
ep0 step 1060/1564 loss 0.401 kl 0.000 anchor 0.000 0.613s/rec
ep0 step 1070/1564 loss 0.469 kl 0.000 anchor 0.000 0.613s/rec
ep0 step 1080/1564 loss 0.440 kl 0.000 anchor 0.000 0.612s/rec
ep0 step 1090/1564 loss 0.412 kl 0.000 anchor 0.000 0.612s/rec
ep0 step 1100/1564 loss 0.405 kl 0.000 anchor 0.000 0.611s/rec
ep0 step 1110/1564 loss 0.562 kl 0.000 anchor 0.000 0.611s/rec
ep0 step 1120/1564 loss 0.242 kl 0.000 anchor 0.000 0.611s/rec
ep0 step 1130/1564 loss 0.591 kl 0.000 anchor 0.000 0.611s/rec
ep0 step 1140/1564 loss 0.384 kl 0.000 anchor 0.000 0.611s/rec
ep0 step 1150/1564 loss 0.277 kl 0.000 anchor 0.000 0.610s/rec
ep0 step 1160/1564 loss 0.403 kl 0.000 anchor 0.000 0.610s/rec
ep0 step 1170/1564 loss 0.268 kl 0.000 anchor 0.000 0.610s/rec
ep0 step 1180/1564 loss 0.695 kl 0.000 anchor 0.000 0.610s/rec
ep0 step 1190/1564 loss 0.416 kl 0.000 anchor 0.000 0.610s/rec
ep0 step 1200/1564 loss 0.331 kl 0.000 anchor 0.000 0.609s/rec
ep0 step 1210/1564 loss 0.248 kl 0.000 anchor 0.000 0.609s/rec
ep0 step 1220/1564 loss 0.238 kl 0.000 anchor 0.000 0.609s/rec
ep0 step 1230/1564 loss 0.494 kl 0.000 anchor 0.000 0.609s/rec
ep0 step 1240/1564 loss 0.370 kl 0.000 anchor 0.000 0.609s/rec
ep0 step 1250/1564 loss 0.221 kl 0.000 anchor 0.000 0.609s/rec
ep0 step 1260/1564 loss 0.254 kl 0.000 anchor 0.000 0.608s/rec
ep0 step 1270/1564 loss 0.404 kl 0.000 anchor 0.000 0.608s/rec
ep0 step 1280/1564 loss 0.579 kl 0.000 anchor 0.000 0.609s/rec
ep0 step 1290/1564 loss 0.251 kl 0.000 anchor 0.000 0.608s/rec
ep0 step 1300/1564 loss 0.631 kl 0.000 anchor 0.000 0.608s/rec
ep0 step 1310/1564 loss 0.467 kl 0.000 anchor 0.000 0.608s/rec
ep0 step 1320/1564 loss 0.295 kl 0.000 anchor 0.000 0.608s/rec
ep0 step 1330/1564 loss 0.621 kl 0.000 anchor 0.000 0.608s/rec
ep0 step 1340/1564 loss 0.249 kl 0.000 anchor 0.000 0.608s/rec
ep0 step 1350/1564 loss 0.276 kl 0.000 anchor 0.000 0.608s/rec
ep0 step 1360/1564 loss 0.738 kl 0.000 anchor 0.000 0.608s/rec
ep0 step 1370/1564 loss 0.412 kl 0.000 anchor 0.000 0.608s/rec
ep0 step 1380/1564 loss 0.587 kl 0.000 anchor 0.000 0.608s/rec
ep0 step 1390/1564 loss 0.723 kl 0.000 anchor 0.000 0.608s/rec
ep0 step 1400/1564 loss 0.485 kl 0.000 anchor 0.000 0.607s/rec
ep0 step 1410/1564 loss 0.305 kl 0.000 anchor 0.000 0.607s/rec
ep0 step 1420/1564 loss 0.652 kl 0.000 anchor 0.000 0.607s/rec
ep0 step 1430/1564 loss 0.496 kl 0.000 anchor 0.000 0.607s/rec
ep0 step 1440/1564 loss 0.345 kl 0.000 anchor 0.000 0.607s/rec
ep0 step 1450/1564 loss 0.237 kl 0.000 anchor 0.000 0.607s/rec
ep0 step 1460/1564 loss 0.777 kl 0.000 anchor 0.000 0.607s/rec
ep0 step 1470/1564 loss 0.531 kl 0.000 anchor 0.000 0.607s/rec
ep0 step 1480/1564 loss 0.301 kl 0.000 anchor 0.000 0.607s/rec
ep0 step 1490/1564 loss 0.456 kl 0.000 anchor 0.000 0.607s/rec
ep0 step 1500/1564 loss 0.375 kl 0.000 anchor 0.000 0.607s/rec
ep0 step 1510/1564 loss 0.335 kl 0.000 anchor 0.000 0.607s/rec
ep0 step 1520/1564 loss 0.382 kl 0.000 anchor 0.000 0.607s/rec
ep0 step 1530/1564 loss 0.240 kl 0.000 anchor 0.000 0.607s/rec
ep0 step 1540/1564 loss 0.339 kl 0.000 anchor 0.000 0.606s/rec
ep0 step 1550/1564 loss 0.438 kl 0.000 anchor 0.000 0.606s/rec
ep0 step 1560/1564 loss 0.488 kl 0.000 anchor 0.000 0.606s/rec
saved /runs/gemma4-31b-2/01-trial-1/checkpoint
