device=cuda world=1 trainable params=125.2M
dropped 66 of 12576 records that exceed the training context (384 state / 1024 branch / 2048 packed tokens) under google/gemma-4-31B-it's tokenizer, which the suite did not admit them with
12510 training requests (holdout=[]), questions by type {'score': 3448, 'noul': 5224, 'choice': 6838}
ep0 step 10/1564 loss 3.652 kl 0.000 anchor 0.000 0.727s/rec
ep0 step 20/1564 loss 3.705 kl 0.000 anchor 0.000 0.666s/rec
ep0 step 30/1564 loss 2.087 kl 0.000 anchor 0.000 0.671s/rec
ep0 step 40/1564 loss 2.348 kl 0.000 anchor 0.000 0.674s/rec
ep0 step 50/1564 loss 2.443 kl 0.000 anchor 0.000 0.669s/rec
ep0 step 60/1564 loss 1.751 kl 0.000 anchor 0.000 0.666s/rec
ep0 step 70/1564 loss 1.582 kl 0.000 anchor 0.000 0.668s/rec
ep0 step 80/1564 loss 1.270 kl 0.000 anchor 0.000 0.672s/rec
ep0 step 90/1564 loss 1.314 kl 0.000 anchor 0.000 0.670s/rec
ep0 step 100/1564 loss 0.597 kl 0.000 anchor 0.000 0.669s/rec
ep0 step 110/1564 loss 0.872 kl 0.000 anchor 0.000 0.664s/rec
ep0 step 120/1564 loss 0.716 kl 0.000 anchor 0.000 0.664s/rec
ep0 step 130/1564 loss 1.022 kl 0.000 anchor 0.000 0.664s/rec
ep0 step 140/1564 loss 0.994 kl 0.000 anchor 0.000 0.666s/rec
ep0 step 150/1564 loss 0.747 kl 0.000 anchor 0.000 0.666s/rec
ep0 step 160/1564 loss 0.547 kl 0.000 anchor 0.000 0.664s/rec
ep0 step 170/1564 loss 0.683 kl 0.000 anchor 0.000 0.659s/rec
ep0 step 180/1564 loss 0.625 kl 0.000 anchor 0.000 0.661s/rec
ep0 step 190/1564 loss 0.759 kl 0.000 anchor 0.000 0.661s/rec
ep0 step 200/1564 loss 0.701 kl 0.000 anchor 0.000 0.662s/rec
ep0 step 210/1564 loss 0.615 kl 0.000 anchor 0.000 0.662s/rec
ep0 step 220/1564 loss 0.537 kl 0.000 anchor 0.000 0.662s/rec
ep0 step 230/1564 loss 0.540 kl 0.000 anchor 0.000 0.662s/rec
ep0 step 240/1564 loss 0.581 kl 0.000 anchor 0.000 0.662s/rec
ep0 step 250/1564 loss 0.432 kl 0.000 anchor 0.000 0.660s/rec
ep0 step 260/1564 loss 0.644 kl 0.000 anchor 0.000 0.663s/rec
ep0 step 270/1564 loss 0.570 kl 0.000 anchor 0.000 0.664s/rec
ep0 step 280/1564 loss 0.539 kl 0.000 anchor 0.000 0.665s/rec
ep0 step 290/1564 loss 0.714 kl 0.000 anchor 0.000 0.668s/rec
ep0 step 300/1564 loss 0.452 kl 0.000 anchor 0.000 0.667s/rec
ep0 step 310/1564 loss 0.424 kl 0.000 anchor 0.000 0.666s/rec
ep0 step 320/1564 loss 0.723 kl 0.000 anchor 0.000 0.664s/rec
ep0 step 330/1564 loss 0.639 kl 0.000 anchor 0.000 0.663s/rec
ep0 step 340/1564 loss 0.596 kl 0.000 anchor 0.000 0.663s/rec
ep0 step 350/1564 loss 0.564 kl 0.000 anchor 0.000 0.663s/rec
ep0 step 360/1564 loss 0.628 kl 0.000 anchor 0.000 0.662s/rec
ep0 step 370/1564 loss 0.512 kl 0.000 anchor 0.000 0.663s/rec
ep0 step 380/1564 loss 0.737 kl 0.000 anchor 0.000 0.663s/rec
ep0 step 390/1564 loss 0.511 kl 0.000 anchor 0.000 0.663s/rec
ep0 step 400/1564 loss 0.384 kl 0.000 anchor 0.000 0.665s/rec
ep0 step 410/1564 loss 0.406 kl 0.000 anchor 0.000 0.664s/rec
ep0 step 420/1564 loss 0.621 kl 0.000 anchor 0.000 0.663s/rec
ep0 step 430/1564 loss 0.494 kl 0.000 anchor 0.000 0.662s/rec
ep0 step 440/1564 loss 0.390 kl 0.000 anchor 0.000 0.661s/rec
ep0 step 450/1564 loss 0.553 kl 0.000 anchor 0.000 0.660s/rec
ep0 step 460/1564 loss 0.598 kl 0.000 anchor 0.000 0.660s/rec
ep0 step 470/1564 loss 0.686 kl 0.000 anchor 0.000 0.660s/rec
ep0 step 480/1564 loss 0.589 kl 0.000 anchor 0.000 0.659s/rec
ep0 step 490/1564 loss 0.302 kl 0.000 anchor 0.000 0.658s/rec
ep0 step 500/1564 loss 0.653 kl 0.000 anchor 0.000 0.659s/rec
ep0 step 510/1564 loss 0.496 kl 0.000 anchor 0.000 0.658s/rec
ep0 step 520/1564 loss 0.510 kl 0.000 anchor 0.000 0.658s/rec
ep0 step 530/1564 loss 0.494 kl 0.000 anchor 0.000 0.658s/rec
ep0 step 540/1564 loss 0.463 kl 0.000 anchor 0.000 0.658s/rec
ep0 step 550/1564 loss 0.308 kl 0.000 anchor 0.000 0.658s/rec
ep0 step 560/1564 loss 0.365 kl 0.000 anchor 0.000 0.658s/rec
ep0 step 570/1564 loss 0.898 kl 0.000 anchor 0.000 0.658s/rec
ep0 step 580/1564 loss 0.440 kl 0.000 anchor 0.000 0.657s/rec
ep0 step 590/1564 loss 0.457 kl 0.000 anchor 0.000 0.657s/rec
ep0 step 600/1564 loss 0.385 kl 0.000 anchor 0.000 0.656s/rec
ep0 step 610/1564 loss 0.261 kl 0.000 anchor 0.000 0.656s/rec
ep0 step 620/1564 loss 0.415 kl 0.000 anchor 0.000 0.657s/rec
ep0 step 630/1564 loss 0.334 kl 0.000 anchor 0.000 0.657s/rec
ep0 step 640/1564 loss 0.435 kl 0.000 anchor 0.000 0.656s/rec
ep0 step 650/1564 loss 0.486 kl 0.000 anchor 0.000 0.656s/rec
ep0 step 660/1564 loss 0.340 kl 0.000 anchor 0.000 0.656s/rec
ep0 step 670/1564 loss 0.513 kl 0.000 anchor 0.000 0.656s/rec
ep0 step 680/1564 loss 0.223 kl 0.000 anchor 0.000 0.656s/rec
ep0 step 690/1564 loss 0.436 kl 0.000 anchor 0.000 0.656s/rec
ep0 step 700/1564 loss 0.415 kl 0.000 anchor 0.000 0.656s/rec
ep0 step 710/1564 loss 0.426 kl 0.000 anchor 0.000 0.656s/rec
ep0 step 720/1564 loss 0.538 kl 0.000 anchor 0.000 0.656s/rec
ep0 step 730/1564 loss 0.444 kl 0.000 anchor 0.000 0.657s/rec
ep0 step 740/1564 loss 0.414 kl 0.000 anchor 0.000 0.656s/rec
ep0 step 750/1564 loss 0.461 kl 0.000 anchor 0.000 0.656s/rec
ep0 step 760/1564 loss 0.525 kl 0.000 anchor 0.000 0.656s/rec
ep0 step 770/1564 loss 1.017 kl 0.000 anchor 0.000 0.656s/rec
ep0 step 780/1564 loss 0.369 kl 0.000 anchor 0.000 0.655s/rec
ep0 step 790/1564 loss 0.387 kl 0.000 anchor 0.000 0.656s/rec
ep0 step 800/1564 loss 0.807 kl 0.000 anchor 0.000 0.655s/rec
ep0 step 810/1564 loss 0.547 kl 0.000 anchor 0.000 0.656s/rec
ep0 step 820/1564 loss 0.710 kl 0.000 anchor 0.000 0.656s/rec
ep0 step 830/1564 loss 0.389 kl 0.000 anchor 0.000 0.657s/rec
ep0 step 840/1564 loss 0.557 kl 0.000 anchor 0.000 0.657s/rec
ep0 step 850/1564 loss 0.524 kl 0.000 anchor 0.000 0.656s/rec
ep0 step 860/1564 loss 0.322 kl 0.000 anchor 0.000 0.656s/rec
ep0 step 870/1564 loss 0.521 kl 0.000 anchor 0.000 0.656s/rec
ep0 step 880/1564 loss 0.581 kl 0.000 anchor 0.000 0.656s/rec
ep0 step 890/1564 loss 0.402 kl 0.000 anchor 0.000 0.656s/rec
ep0 step 900/1564 loss 0.290 kl 0.000 anchor 0.000 0.656s/rec
ep0 step 910/1564 loss 0.373 kl 0.000 anchor 0.000 0.656s/rec
ep0 step 920/1564 loss 0.325 kl 0.000 anchor 0.000 0.655s/rec
ep0 step 930/1564 loss 0.358 kl 0.000 anchor 0.000 0.655s/rec
ep0 step 940/1564 loss 0.472 kl 0.000 anchor 0.000 0.654s/rec
ep0 step 950/1564 loss 0.558 kl 0.000 anchor 0.000 0.654s/rec
ep0 step 960/1564 loss 0.459 kl 0.000 anchor 0.000 0.653s/rec
ep0 step 970/1564 loss 0.357 kl 0.000 anchor 0.000 0.653s/rec
ep0 step 980/1564 loss 0.427 kl 0.000 anchor 0.000 0.652s/rec
ep0 step 990/1564 loss 0.346 kl 0.000 anchor 0.000 0.652s/rec
ep0 step 1000/1564 loss 0.386 kl 0.000 anchor 0.000 0.651s/rec
ep0 step 1010/1564 loss 0.406 kl 0.000 anchor 0.000 0.651s/rec
ep0 step 1020/1564 loss 0.369 kl 0.000 anchor 0.000 0.651s/rec
ep0 step 1030/1564 loss 0.490 kl 0.000 anchor 0.000 0.650s/rec
ep0 step 1040/1564 loss 0.345 kl 0.000 anchor 0.000 0.650s/rec
ep0 step 1050/1564 loss 0.268 kl 0.000 anchor 0.000 0.650s/rec
ep0 step 1060/1564 loss 0.577 kl 0.000 anchor 0.000 0.650s/rec
ep0 step 1070/1564 loss 0.243 kl 0.000 anchor 0.000 0.650s/rec
ep0 step 1080/1564 loss 0.487 kl 0.000 anchor 0.000 0.650s/rec
ep0 step 1090/1564 loss 0.525 kl 0.000 anchor 0.000 0.650s/rec
ep0 step 1100/1564 loss 0.271 kl 0.000 anchor 0.000 0.650s/rec
ep0 step 1110/1564 loss 0.404 kl 0.000 anchor 0.000 0.650s/rec
ep0 step 1120/1564 loss 0.436 kl 0.000 anchor 0.000 0.650s/rec
ep0 step 1130/1564 loss 0.330 kl 0.000 anchor 0.000 0.650s/rec
ep0 step 1140/1564 loss 0.633 kl 0.000 anchor 0.000 0.650s/rec
ep0 step 1150/1564 loss 0.471 kl 0.000 anchor 0.000 0.650s/rec
ep0 step 1160/1564 loss 0.608 kl 0.000 anchor 0.000 0.651s/rec
ep0 step 1170/1564 loss 0.426 kl 0.000 anchor 0.000 0.651s/rec
ep0 step 1180/1564 loss 0.394 kl 0.000 anchor 0.000 0.652s/rec
ep0 step 1190/1564 loss 0.281 kl 0.000 anchor 0.000 0.652s/rec
ep0 step 1200/1564 loss 0.440 kl 0.000 anchor 0.000 0.653s/rec
ep0 step 1210/1564 loss 0.327 kl 0.000 anchor 0.000 0.653s/rec
ep0 step 1220/1564 loss 0.357 kl 0.000 anchor 0.000 0.654s/rec
ep0 step 1230/1564 loss 0.326 kl 0.000 anchor 0.000 0.654s/rec
ep0 step 1240/1564 loss 0.499 kl 0.000 anchor 0.000 0.655s/rec
ep0 step 1250/1564 loss 0.426 kl 0.000 anchor 0.000 0.655s/rec
ep0 step 1260/1564 loss 0.333 kl 0.000 anchor 0.000 0.655s/rec
ep0 step 1270/1564 loss 0.349 kl 0.000 anchor 0.000 0.656s/rec
ep0 step 1280/1564 loss 0.403 kl 0.000 anchor 0.000 0.656s/rec
ep0 step 1290/1564 loss 0.518 kl 0.000 anchor 0.000 0.656s/rec
ep0 step 1300/1564 loss 0.257 kl 0.000 anchor 0.000 0.656s/rec
ep0 step 1310/1564 loss 0.227 kl 0.000 anchor 0.000 0.656s/rec
ep0 step 1320/1564 loss 0.327 kl 0.000 anchor 0.000 0.656s/rec
ep0 step 1330/1564 loss 0.301 kl 0.000 anchor 0.000 0.656s/rec
ep0 step 1340/1564 loss 0.397 kl 0.000 anchor 0.000 0.656s/rec
ep0 step 1350/1564 loss 0.440 kl 0.000 anchor 0.000 0.656s/rec
ep0 step 1360/1564 loss 0.193 kl 0.000 anchor 0.000 0.656s/rec
ep0 step 1370/1564 loss 0.440 kl 0.000 anchor 0.000 0.656s/rec
ep0 step 1380/1564 loss 0.264 kl 0.000 anchor 0.000 0.657s/rec
ep0 step 1390/1564 loss 0.237 kl 0.000 anchor 0.000 0.656s/rec
ep0 step 1400/1564 loss 0.626 kl 0.000 anchor 0.000 0.656s/rec
ep0 step 1410/1564 loss 0.212 kl 0.000 anchor 0.000 0.656s/rec
ep0 step 1420/1564 loss 0.482 kl 0.000 anchor 0.000 0.656s/rec
ep0 step 1430/1564 loss 0.460 kl 0.000 anchor 0.000 0.656s/rec
ep0 step 1440/1564 loss 0.181 kl 0.000 anchor 0.000 0.656s/rec
ep0 step 1450/1564 loss 0.434 kl 0.000 anchor 0.000 0.656s/rec
ep0 step 1460/1564 loss 0.465 kl 0.000 anchor 0.000 0.656s/rec
ep0 step 1470/1564 loss 0.326 kl 0.000 anchor 0.000 0.656s/rec
ep0 step 1480/1564 loss 0.533 kl 0.000 anchor 0.000 0.657s/rec
ep0 step 1490/1564 loss 0.319 kl 0.000 anchor 0.000 0.657s/rec
ep0 step 1500/1564 loss 0.238 kl 0.000 anchor 0.000 0.657s/rec
ep0 step 1510/1564 loss 0.314 kl 0.000 anchor 0.000 0.657s/rec
ep0 step 1520/1564 loss 0.329 kl 0.000 anchor 0.000 0.657s/rec
ep0 step 1530/1564 loss 0.455 kl 0.000 anchor 0.000 0.656s/rec
ep0 step 1540/1564 loss 0.395 kl 0.000 anchor 0.000 0.657s/rec
ep0 step 1550/1564 loss 0.278 kl 0.000 anchor 0.000 0.657s/rec
ep0 step 1560/1564 loss 0.373 kl 0.000 anchor 0.000 0.656s/rec
saved /runs/gemma4-31b-it-2/00-trial-0/checkpoint
