device=cuda world=1 trainable params=125.2M
dropped 66 of 12576 records that exceed the training context (384 state / 1024 branch / 2048 packed tokens) under google/gemma-4-31B-it's tokenizer, which the suite did not admit them with
12510 training requests (holdout=[]), questions by type {'score': 3448, 'noul': 5224, 'choice': 6838}
ep0 step 10/1564 loss 3.107 kl 0.000 anchor 0.000 0.689s/rec
ep0 step 20/1564 loss 2.656 kl 0.000 anchor 0.000 0.634s/rec
ep0 step 30/1564 loss 2.374 kl 0.000 anchor 0.000 0.617s/rec
ep0 step 40/1564 loss 2.138 kl 0.000 anchor 0.000 0.613s/rec
ep0 step 50/1564 loss 2.209 kl 0.000 anchor 0.000 0.609s/rec
ep0 step 60/1564 loss 2.003 kl 0.000 anchor 0.000 0.611s/rec
ep0 step 70/1564 loss 1.972 kl 0.000 anchor 0.000 0.612s/rec
ep0 step 80/1564 loss 1.547 kl 0.000 anchor 0.000 0.609s/rec
ep0 step 90/1564 loss 1.061 kl 0.000 anchor 0.000 0.611s/rec
ep0 step 100/1564 loss 0.909 kl 0.000 anchor 0.000 0.607s/rec
ep0 step 110/1564 loss 0.957 kl 0.000 anchor 0.000 0.598s/rec
ep0 step 120/1564 loss 0.668 kl 0.000 anchor 0.000 0.598s/rec
ep0 step 130/1564 loss 0.643 kl 0.000 anchor 0.000 0.600s/rec
ep0 step 140/1564 loss 0.610 kl 0.000 anchor 0.000 0.602s/rec
ep0 step 150/1564 loss 1.050 kl 0.000 anchor 0.000 0.604s/rec
ep0 step 160/1564 loss 0.733 kl 0.000 anchor 0.000 0.603s/rec
ep0 step 170/1564 loss 0.581 kl 0.000 anchor 0.000 0.606s/rec
ep0 step 180/1564 loss 0.726 kl 0.000 anchor 0.000 0.603s/rec
ep0 step 190/1564 loss 0.732 kl 0.000 anchor 0.000 0.601s/rec
ep0 step 200/1564 loss 0.681 kl 0.000 anchor 0.000 0.600s/rec
ep0 step 210/1564 loss 0.598 kl 0.000 anchor 0.000 0.598s/rec
ep0 step 220/1564 loss 0.825 kl 0.000 anchor 0.000 0.599s/rec
ep0 step 230/1564 loss 0.445 kl 0.000 anchor 0.000 0.600s/rec
ep0 step 240/1564 loss 0.618 kl 0.000 anchor 0.000 0.600s/rec
ep0 step 250/1564 loss 0.523 kl 0.000 anchor 0.000 0.602s/rec
ep0 step 260/1564 loss 0.366 kl 0.000 anchor 0.000 0.601s/rec
ep0 step 270/1564 loss 0.468 kl 0.000 anchor 0.000 0.602s/rec
ep0 step 280/1564 loss 0.481 kl 0.000 anchor 0.000 0.603s/rec
ep0 step 290/1564 loss 0.449 kl 0.000 anchor 0.000 0.602s/rec
ep0 step 300/1564 loss 0.470 kl 0.000 anchor 0.000 0.602s/rec
ep0 step 310/1564 loss 0.532 kl 0.000 anchor 0.000 0.602s/rec
ep0 step 320/1564 loss 0.410 kl 0.000 anchor 0.000 0.601s/rec
ep0 step 330/1564 loss 0.856 kl 0.000 anchor 0.000 0.601s/rec
ep0 step 340/1564 loss 0.663 kl 0.000 anchor 0.000 0.600s/rec
ep0 step 350/1564 loss 0.600 kl 0.000 anchor 0.000 0.600s/rec
ep0 step 360/1564 loss 0.448 kl 0.000 anchor 0.000 0.600s/rec
ep0 step 370/1564 loss 0.701 kl 0.000 anchor 0.000 0.600s/rec
ep0 step 380/1564 loss 0.621 kl 0.000 anchor 0.000 0.602s/rec
ep0 step 390/1564 loss 0.396 kl 0.000 anchor 0.000 0.601s/rec
ep0 step 400/1564 loss 0.441 kl 0.000 anchor 0.000 0.601s/rec
ep0 step 410/1564 loss 0.449 kl 0.000 anchor 0.000 0.602s/rec
ep0 step 420/1564 loss 0.801 kl 0.000 anchor 0.000 0.603s/rec
ep0 step 430/1564 loss 0.498 kl 0.000 anchor 0.000 0.603s/rec
ep0 step 440/1564 loss 0.520 kl 0.000 anchor 0.000 0.603s/rec
ep0 step 450/1564 loss 0.515 kl 0.000 anchor 0.000 0.603s/rec
ep0 step 460/1564 loss 0.395 kl 0.000 anchor 0.000 0.605s/rec
ep0 step 470/1564 loss 0.820 kl 0.000 anchor 0.000 0.605s/rec
ep0 step 480/1564 loss 0.399 kl 0.000 anchor 0.000 0.605s/rec
ep0 step 490/1564 loss 0.591 kl 0.000 anchor 0.000 0.605s/rec
ep0 step 500/1564 loss 0.479 kl 0.000 anchor 0.000 0.606s/rec
ep0 step 510/1564 loss 0.614 kl 0.000 anchor 0.000 0.604s/rec
ep0 step 520/1564 loss 0.434 kl 0.000 anchor 0.000 0.605s/rec
ep0 step 530/1564 loss 0.388 kl 0.000 anchor 0.000 0.605s/rec
ep0 step 540/1564 loss 0.378 kl 0.000 anchor 0.000 0.605s/rec
ep0 step 550/1564 loss 0.766 kl 0.000 anchor 0.000 0.605s/rec
ep0 step 560/1564 loss 0.274 kl 0.000 anchor 0.000 0.605s/rec
ep0 step 570/1564 loss 0.386 kl 0.000 anchor 0.000 0.605s/rec
ep0 step 580/1564 loss 0.402 kl 0.000 anchor 0.000 0.606s/rec
ep0 step 590/1564 loss 0.335 kl 0.000 anchor 0.000 0.606s/rec
ep0 step 600/1564 loss 0.327 kl 0.000 anchor 0.000 0.605s/rec
ep0 step 610/1564 loss 0.537 kl 0.000 anchor 0.000 0.605s/rec
ep0 step 620/1564 loss 0.716 kl 0.000 anchor 0.000 0.605s/rec
ep0 step 630/1564 loss 0.476 kl 0.000 anchor 0.000 0.606s/rec
ep0 step 640/1564 loss 0.353 kl 0.000 anchor 0.000 0.605s/rec
ep0 step 650/1564 loss 0.466 kl 0.000 anchor 0.000 0.606s/rec
ep0 step 660/1564 loss 0.502 kl 0.000 anchor 0.000 0.606s/rec
ep0 step 670/1564 loss 0.443 kl 0.000 anchor 0.000 0.607s/rec
ep0 step 680/1564 loss 0.529 kl 0.000 anchor 0.000 0.607s/rec
ep0 step 690/1564 loss 0.462 kl 0.000 anchor 0.000 0.608s/rec
ep0 step 700/1564 loss 0.332 kl 0.000 anchor 0.000 0.607s/rec
ep0 step 710/1564 loss 0.602 kl 0.000 anchor 0.000 0.607s/rec
ep0 step 720/1564 loss 0.339 kl 0.000 anchor 0.000 0.608s/rec
ep0 step 730/1564 loss 0.286 kl 0.000 anchor 0.000 0.608s/rec
ep0 step 740/1564 loss 0.471 kl 0.000 anchor 0.000 0.607s/rec
ep0 step 750/1564 loss 0.425 kl 0.000 anchor 0.000 0.607s/rec
ep0 step 760/1564 loss 0.330 kl 0.000 anchor 0.000 0.606s/rec
ep0 step 770/1564 loss 0.212 kl 0.000 anchor 0.000 0.607s/rec
ep0 step 780/1564 loss 0.923 kl 0.000 anchor 0.000 0.607s/rec
ep0 step 790/1564 loss 0.723 kl 0.000 anchor 0.000 0.607s/rec
ep0 step 800/1564 loss 0.429 kl 0.000 anchor 0.000 0.607s/rec
ep0 step 810/1564 loss 0.395 kl 0.000 anchor 0.000 0.607s/rec
ep0 step 820/1564 loss 0.806 kl 0.000 anchor 0.000 0.606s/rec
ep0 step 830/1564 loss 0.386 kl 0.000 anchor 0.000 0.606s/rec
ep0 step 840/1564 loss 0.464 kl 0.000 anchor 0.000 0.605s/rec
ep0 step 850/1564 loss 0.327 kl 0.000 anchor 0.000 0.605s/rec
ep0 step 860/1564 loss 0.678 kl 0.000 anchor 0.000 0.605s/rec
ep0 step 870/1564 loss 0.368 kl 0.000 anchor 0.000 0.605s/rec
ep0 step 880/1564 loss 0.560 kl 0.000 anchor 0.000 0.605s/rec
ep0 step 890/1564 loss 0.431 kl 0.000 anchor 0.000 0.605s/rec
ep0 step 900/1564 loss 0.270 kl 0.000 anchor 0.000 0.605s/rec
ep0 step 910/1564 loss 0.602 kl 0.000 anchor 0.000 0.606s/rec
ep0 step 920/1564 loss 0.507 kl 0.000 anchor 0.000 0.606s/rec
ep0 step 930/1564 loss 0.343 kl 0.000 anchor 0.000 0.606s/rec
ep0 step 940/1564 loss 0.405 kl 0.000 anchor 0.000 0.606s/rec
ep0 step 950/1564 loss 0.436 kl 0.000 anchor 0.000 0.605s/rec
ep0 step 960/1564 loss 0.379 kl 0.000 anchor 0.000 0.605s/rec
ep0 step 970/1564 loss 0.640 kl 0.000 anchor 0.000 0.605s/rec
ep0 step 980/1564 loss 0.288 kl 0.000 anchor 0.000 0.605s/rec
ep0 step 990/1564 loss 0.222 kl 0.000 anchor 0.000 0.605s/rec
ep0 step 1000/1564 loss 0.286 kl 0.000 anchor 0.000 0.604s/rec
ep0 step 1010/1564 loss 0.381 kl 0.000 anchor 0.000 0.604s/rec
ep0 step 1020/1564 loss 0.569 kl 0.000 anchor 0.000 0.605s/rec
ep0 step 1030/1564 loss 0.546 kl 0.000 anchor 0.000 0.604s/rec
ep0 step 1040/1564 loss 0.665 kl 0.000 anchor 0.000 0.603s/rec
ep0 step 1050/1564 loss 0.449 kl 0.000 anchor 0.000 0.604s/rec
ep0 step 1060/1564 loss 0.387 kl 0.000 anchor 0.000 0.604s/rec
ep0 step 1070/1564 loss 0.461 kl 0.000 anchor 0.000 0.604s/rec
ep0 step 1080/1564 loss 0.405 kl 0.000 anchor 0.000 0.603s/rec
ep0 step 1090/1564 loss 0.348 kl 0.000 anchor 0.000 0.603s/rec
ep0 step 1100/1564 loss 0.352 kl 0.000 anchor 0.000 0.602s/rec
ep0 step 1110/1564 loss 0.681 kl 0.000 anchor 0.000 0.602s/rec
ep0 step 1120/1564 loss 0.208 kl 0.000 anchor 0.000 0.602s/rec
ep0 step 1130/1564 loss 0.625 kl 0.000 anchor 0.000 0.602s/rec
ep0 step 1140/1564 loss 0.367 kl 0.000 anchor 0.000 0.602s/rec
ep0 step 1150/1564 loss 0.342 kl 0.000 anchor 0.000 0.602s/rec
ep0 step 1160/1564 loss 0.349 kl 0.000 anchor 0.000 0.602s/rec
ep0 step 1170/1564 loss 0.281 kl 0.000 anchor 0.000 0.602s/rec
ep0 step 1180/1564 loss 0.674 kl 0.000 anchor 0.000 0.602s/rec
ep0 step 1190/1564 loss 0.317 kl 0.000 anchor 0.000 0.602s/rec
ep0 step 1200/1564 loss 0.353 kl 0.000 anchor 0.000 0.601s/rec
ep0 step 1210/1564 loss 0.294 kl 0.000 anchor 0.000 0.601s/rec
ep0 step 1220/1564 loss 0.179 kl 0.000 anchor 0.000 0.601s/rec
ep0 step 1230/1564 loss 0.384 kl 0.000 anchor 0.000 0.601s/rec
ep0 step 1240/1564 loss 0.412 kl 0.000 anchor 0.000 0.601s/rec
ep0 step 1250/1564 loss 0.181 kl 0.000 anchor 0.000 0.600s/rec
ep0 step 1260/1564 loss 0.193 kl 0.000 anchor 0.000 0.600s/rec
ep0 step 1270/1564 loss 0.339 kl 0.000 anchor 0.000 0.600s/rec
ep0 step 1280/1564 loss 0.593 kl 0.000 anchor 0.000 0.600s/rec
ep0 step 1290/1564 loss 0.258 kl 0.000 anchor 0.000 0.600s/rec
ep0 step 1300/1564 loss 0.574 kl 0.000 anchor 0.000 0.600s/rec
ep0 step 1310/1564 loss 0.469 kl 0.000 anchor 0.000 0.600s/rec
ep0 step 1320/1564 loss 0.292 kl 0.000 anchor 0.000 0.600s/rec
ep0 step 1330/1564 loss 0.536 kl 0.000 anchor 0.000 0.600s/rec
ep0 step 1340/1564 loss 0.264 kl 0.000 anchor 0.000 0.600s/rec
ep0 step 1350/1564 loss 0.220 kl 0.000 anchor 0.000 0.600s/rec
ep0 step 1360/1564 loss 0.709 kl 0.000 anchor 0.000 0.600s/rec
ep0 step 1370/1564 loss 0.430 kl 0.000 anchor 0.000 0.600s/rec
ep0 step 1380/1564 loss 0.513 kl 0.000 anchor 0.000 0.600s/rec
ep0 step 1390/1564 loss 0.601 kl 0.000 anchor 0.000 0.600s/rec
ep0 step 1400/1564 loss 0.460 kl 0.000 anchor 0.000 0.600s/rec
ep0 step 1410/1564 loss 0.276 kl 0.000 anchor 0.000 0.600s/rec
ep0 step 1420/1564 loss 0.701 kl 0.000 anchor 0.000 0.601s/rec
ep0 step 1430/1564 loss 0.474 kl 0.000 anchor 0.000 0.601s/rec
ep0 step 1440/1564 loss 0.386 kl 0.000 anchor 0.000 0.601s/rec
ep0 step 1450/1564 loss 0.254 kl 0.000 anchor 0.000 0.600s/rec
ep0 step 1460/1564 loss 0.744 kl 0.000 anchor 0.000 0.601s/rec
ep0 step 1470/1564 loss 0.356 kl 0.000 anchor 0.000 0.601s/rec
ep0 step 1480/1564 loss 0.336 kl 0.000 anchor 0.000 0.601s/rec
ep0 step 1490/1564 loss 0.370 kl 0.000 anchor 0.000 0.601s/rec
ep0 step 1500/1564 loss 0.314 kl 0.000 anchor 0.000 0.601s/rec
ep0 step 1510/1564 loss 0.349 kl 0.000 anchor 0.000 0.601s/rec
ep0 step 1520/1564 loss 0.288 kl 0.000 anchor 0.000 0.601s/rec
ep0 step 1530/1564 loss 0.148 kl 0.000 anchor 0.000 0.600s/rec
ep0 step 1540/1564 loss 0.263 kl 0.000 anchor 0.000 0.600s/rec
ep0 step 1550/1564 loss 0.333 kl 0.000 anchor 0.000 0.600s/rec
ep0 step 1560/1564 loss 0.471 kl 0.000 anchor 0.000 0.600s/rec
saved /runs/gemma4-31b-it-2/01-trial-1/checkpoint
