device=cuda world=1 trainable params=125.2M
dropped 66 of 12576 records that exceed the training context (384 state / 1024 branch / 2048 packed tokens) under google/gemma-4-31B's tokenizer, which the suite did not admit them with
12510 training requests (holdout=[]), questions by type {'score': 3448, 'noul': 5224, 'choice': 6838}
ep0 step 10/1564 loss 4.646 kl 0.000 anchor 0.000 0.701s/rec
ep0 step 20/1564 loss 3.903 kl 0.000 anchor 0.000 0.640s/rec
ep0 step 30/1564 loss 3.628 kl 0.000 anchor 0.000 0.651s/rec
ep0 step 40/1564 loss 3.427 kl 0.000 anchor 0.000 0.651s/rec
ep0 step 50/1564 loss 3.683 kl 0.000 anchor 0.000 0.647s/rec
ep0 step 60/1564 loss 3.008 kl 0.000 anchor 0.000 0.644s/rec
ep0 step 70/1564 loss 2.379 kl 0.000 anchor 0.000 0.647s/rec
ep0 step 80/1564 loss 1.934 kl 0.000 anchor 0.000 0.652s/rec
ep0 step 90/1564 loss 1.879 kl 0.000 anchor 0.000 0.651s/rec
ep0 step 100/1564 loss 1.598 kl 0.000 anchor 0.000 0.652s/rec
ep0 step 110/1564 loss 1.276 kl 0.000 anchor 0.000 0.650s/rec
ep0 step 120/1564 loss 1.112 kl 0.000 anchor 0.000 0.652s/rec
ep0 step 130/1564 loss 0.953 kl 0.000 anchor 0.000 0.652s/rec
ep0 step 140/1564 loss 0.855 kl 0.000 anchor 0.000 0.654s/rec
ep0 step 150/1564 loss 1.128 kl 0.000 anchor 0.000 0.656s/rec
ep0 step 160/1564 loss 0.712 kl 0.000 anchor 0.000 0.655s/rec
ep0 step 170/1564 loss 0.649 kl 0.000 anchor 0.000 0.651s/rec
ep0 step 180/1564 loss 0.692 kl 0.000 anchor 0.000 0.651s/rec
ep0 step 190/1564 loss 0.769 kl 0.000 anchor 0.000 0.651s/rec
ep0 step 200/1564 loss 1.063 kl 0.000 anchor 0.000 0.652s/rec
ep0 step 210/1564 loss 0.801 kl 0.000 anchor 0.000 0.652s/rec
ep0 step 220/1564 loss 0.658 kl 0.000 anchor 0.000 0.652s/rec
ep0 step 230/1564 loss 0.649 kl 0.000 anchor 0.000 0.652s/rec
ep0 step 240/1564 loss 0.681 kl 0.000 anchor 0.000 0.651s/rec
ep0 step 250/1564 loss 0.556 kl 0.000 anchor 0.000 0.648s/rec
ep0 step 260/1564 loss 0.688 kl 0.000 anchor 0.000 0.650s/rec
ep0 step 270/1564 loss 0.757 kl 0.000 anchor 0.000 0.649s/rec
ep0 step 280/1564 loss 0.711 kl 0.000 anchor 0.000 0.651s/rec
ep0 step 290/1564 loss 0.683 kl 0.000 anchor 0.000 0.653s/rec
ep0 step 300/1564 loss 0.567 kl 0.000 anchor 0.000 0.652s/rec
ep0 step 310/1564 loss 0.458 kl 0.000 anchor 0.000 0.650s/rec
ep0 step 320/1564 loss 0.919 kl 0.000 anchor 0.000 0.649s/rec
ep0 step 330/1564 loss 0.567 kl 0.000 anchor 0.000 0.649s/rec
ep0 step 340/1564 loss 0.716 kl 0.000 anchor 0.000 0.649s/rec
ep0 step 350/1564 loss 0.622 kl 0.000 anchor 0.000 0.650s/rec
ep0 step 360/1564 loss 0.778 kl 0.000 anchor 0.000 0.650s/rec
ep0 step 370/1564 loss 0.559 kl 0.000 anchor 0.000 0.650s/rec
ep0 step 380/1564 loss 0.799 kl 0.000 anchor 0.000 0.650s/rec
ep0 step 390/1564 loss 0.519 kl 0.000 anchor 0.000 0.650s/rec
ep0 step 400/1564 loss 0.340 kl 0.000 anchor 0.000 0.651s/rec
ep0 step 410/1564 loss 0.616 kl 0.000 anchor 0.000 0.649s/rec
ep0 step 420/1564 loss 0.499 kl 0.000 anchor 0.000 0.649s/rec
ep0 step 430/1564 loss 0.785 kl 0.000 anchor 0.000 0.649s/rec
ep0 step 440/1564 loss 0.375 kl 0.000 anchor 0.000 0.648s/rec
ep0 step 450/1564 loss 0.644 kl 0.000 anchor 0.000 0.646s/rec
ep0 step 460/1564 loss 0.379 kl 0.000 anchor 0.000 0.646s/rec
ep0 step 470/1564 loss 0.922 kl 0.000 anchor 0.000 0.645s/rec
ep0 step 480/1564 loss 0.673 kl 0.000 anchor 0.000 0.645s/rec
ep0 step 490/1564 loss 0.580 kl 0.000 anchor 0.000 0.644s/rec
ep0 step 500/1564 loss 0.640 kl 0.000 anchor 0.000 0.644s/rec
ep0 step 510/1564 loss 0.422 kl 0.000 anchor 0.000 0.644s/rec
ep0 step 520/1564 loss 0.584 kl 0.000 anchor 0.000 0.643s/rec
ep0 step 530/1564 loss 0.447 kl 0.000 anchor 0.000 0.643s/rec
ep0 step 540/1564 loss 0.513 kl 0.000 anchor 0.000 0.643s/rec
ep0 step 550/1564 loss 0.352 kl 0.000 anchor 0.000 0.643s/rec
ep0 step 560/1564 loss 0.360 kl 0.000 anchor 0.000 0.642s/rec
ep0 step 570/1564 loss 1.071 kl 0.000 anchor 0.000 0.642s/rec
ep0 step 580/1564 loss 0.475 kl 0.000 anchor 0.000 0.641s/rec
ep0 step 590/1564 loss 0.427 kl 0.000 anchor 0.000 0.640s/rec
ep0 step 600/1564 loss 0.417 kl 0.000 anchor 0.000 0.639s/rec
ep0 step 610/1564 loss 0.425 kl 0.000 anchor 0.000 0.639s/rec
ep0 step 620/1564 loss 0.470 kl 0.000 anchor 0.000 0.640s/rec
ep0 step 630/1564 loss 0.456 kl 0.000 anchor 0.000 0.640s/rec
ep0 step 640/1564 loss 0.572 kl 0.000 anchor 0.000 0.638s/rec
ep0 step 650/1564 loss 0.588 kl 0.000 anchor 0.000 0.639s/rec
ep0 step 660/1564 loss 0.401 kl 0.000 anchor 0.000 0.638s/rec
ep0 step 670/1564 loss 0.529 kl 0.000 anchor 0.000 0.639s/rec
ep0 step 680/1564 loss 0.457 kl 0.000 anchor 0.000 0.639s/rec
ep0 step 690/1564 loss 0.484 kl 0.000 anchor 0.000 0.639s/rec
ep0 step 700/1564 loss 0.416 kl 0.000 anchor 0.000 0.639s/rec
ep0 step 710/1564 loss 0.336 kl 0.000 anchor 0.000 0.639s/rec
ep0 step 720/1564 loss 0.584 kl 0.000 anchor 0.000 0.640s/rec
ep0 step 730/1564 loss 0.448 kl 0.000 anchor 0.000 0.640s/rec
ep0 step 740/1564 loss 0.534 kl 0.000 anchor 0.000 0.640s/rec
ep0 step 750/1564 loss 0.604 kl 0.000 anchor 0.000 0.640s/rec
ep0 step 760/1564 loss 0.401 kl 0.000 anchor 0.000 0.640s/rec
ep0 step 770/1564 loss 0.566 kl 0.000 anchor 0.000 0.640s/rec
ep0 step 780/1564 loss 0.335 kl 0.000 anchor 0.000 0.640s/rec
ep0 step 790/1564 loss 0.544 kl 0.000 anchor 0.000 0.640s/rec
ep0 step 800/1564 loss 0.511 kl 0.000 anchor 0.000 0.640s/rec
ep0 step 810/1564 loss 0.487 kl 0.000 anchor 0.000 0.641s/rec
ep0 step 820/1564 loss 0.715 kl 0.000 anchor 0.000 0.641s/rec
ep0 step 830/1564 loss 0.474 kl 0.000 anchor 0.000 0.642s/rec
ep0 step 840/1564 loss 0.524 kl 0.000 anchor 0.000 0.642s/rec
ep0 step 850/1564 loss 0.428 kl 0.000 anchor 0.000 0.642s/rec
ep0 step 860/1564 loss 0.292 kl 0.000 anchor 0.000 0.642s/rec
ep0 step 870/1564 loss 0.586 kl 0.000 anchor 0.000 0.643s/rec
ep0 step 880/1564 loss 0.637 kl 0.000 anchor 0.000 0.642s/rec
ep0 step 890/1564 loss 0.542 kl 0.000 anchor 0.000 0.643s/rec
ep0 step 900/1564 loss 0.293 kl 0.000 anchor 0.000 0.643s/rec
ep0 step 910/1564 loss 0.419 kl 0.000 anchor 0.000 0.643s/rec
ep0 step 920/1564 loss 0.368 kl 0.000 anchor 0.000 0.642s/rec
ep0 step 930/1564 loss 0.390 kl 0.000 anchor 0.000 0.642s/rec
ep0 step 940/1564 loss 0.471 kl 0.000 anchor 0.000 0.641s/rec
ep0 step 950/1564 loss 0.513 kl 0.000 anchor 0.000 0.641s/rec
ep0 step 960/1564 loss 0.507 kl 0.000 anchor 0.000 0.641s/rec
ep0 step 970/1564 loss 0.411 kl 0.000 anchor 0.000 0.642s/rec
ep0 step 980/1564 loss 0.469 kl 0.000 anchor 0.000 0.641s/rec
ep0 step 990/1564 loss 0.425 kl 0.000 anchor 0.000 0.642s/rec
ep0 step 1000/1564 loss 0.423 kl 0.000 anchor 0.000 0.641s/rec
ep0 step 1010/1564 loss 0.581 kl 0.000 anchor 0.000 0.641s/rec
ep0 step 1020/1564 loss 0.438 kl 0.000 anchor 0.000 0.642s/rec
ep0 step 1030/1564 loss 0.392 kl 0.000 anchor 0.000 0.642s/rec
ep0 step 1040/1564 loss 0.387 kl 0.000 anchor 0.000 0.642s/rec
ep0 step 1050/1564 loss 0.366 kl 0.000 anchor 0.000 0.642s/rec
ep0 step 1060/1564 loss 0.688 kl 0.000 anchor 0.000 0.642s/rec
ep0 step 1070/1564 loss 0.264 kl 0.000 anchor 0.000 0.642s/rec
ep0 step 1080/1564 loss 0.433 kl 0.000 anchor 0.000 0.642s/rec
ep0 step 1090/1564 loss 0.488 kl 0.000 anchor 0.000 0.642s/rec
ep0 step 1100/1564 loss 0.325 kl 0.000 anchor 0.000 0.642s/rec
ep0 step 1110/1564 loss 0.430 kl 0.000 anchor 0.000 0.642s/rec
ep0 step 1120/1564 loss 0.396 kl 0.000 anchor 0.000 0.643s/rec
ep0 step 1130/1564 loss 0.503 kl 0.000 anchor 0.000 0.643s/rec
ep0 step 1140/1564 loss 0.662 kl 0.000 anchor 0.000 0.643s/rec
ep0 step 1150/1564 loss 0.461 kl 0.000 anchor 0.000 0.643s/rec
ep0 step 1160/1564 loss 0.484 kl 0.000 anchor 0.000 0.643s/rec
ep0 step 1170/1564 loss 0.616 kl 0.000 anchor 0.000 0.644s/rec
ep0 step 1180/1564 loss 0.348 kl 0.000 anchor 0.000 0.644s/rec
ep0 step 1190/1564 loss 0.352 kl 0.000 anchor 0.000 0.644s/rec
ep0 step 1200/1564 loss 0.454 kl 0.000 anchor 0.000 0.644s/rec
ep0 step 1210/1564 loss 0.350 kl 0.000 anchor 0.000 0.645s/rec
ep0 step 1220/1564 loss 0.246 kl 0.000 anchor 0.000 0.645s/rec
ep0 step 1230/1564 loss 0.293 kl 0.000 anchor 0.000 0.645s/rec
ep0 step 1240/1564 loss 0.525 kl 0.000 anchor 0.000 0.646s/rec
ep0 step 1250/1564 loss 0.473 kl 0.000 anchor 0.000 0.646s/rec
ep0 step 1260/1564 loss 0.416 kl 0.000 anchor 0.000 0.647s/rec
ep0 step 1270/1564 loss 0.378 kl 0.000 anchor 0.000 0.648s/rec
ep0 step 1280/1564 loss 0.380 kl 0.000 anchor 0.000 0.648s/rec
ep0 step 1290/1564 loss 0.464 kl 0.000 anchor 0.000 0.648s/rec
ep0 step 1300/1564 loss 0.429 kl 0.000 anchor 0.000 0.649s/rec
ep0 step 1310/1564 loss 0.274 kl 0.000 anchor 0.000 0.649s/rec
ep0 step 1320/1564 loss 0.332 kl 0.000 anchor 0.000 0.649s/rec
ep0 step 1330/1564 loss 0.407 kl 0.000 anchor 0.000 0.649s/rec
ep0 step 1340/1564 loss 0.332 kl 0.000 anchor 0.000 0.649s/rec
ep0 step 1350/1564 loss 0.445 kl 0.000 anchor 0.000 0.649s/rec
ep0 step 1360/1564 loss 0.390 kl 0.000 anchor 0.000 0.649s/rec
ep0 step 1370/1564 loss 0.369 kl 0.000 anchor 0.000 0.649s/rec
ep0 step 1380/1564 loss 0.175 kl 0.000 anchor 0.000 0.649s/rec
ep0 step 1390/1564 loss 0.411 kl 0.000 anchor 0.000 0.649s/rec
ep0 step 1400/1564 loss 0.358 kl 0.000 anchor 0.000 0.649s/rec
ep0 step 1410/1564 loss 0.175 kl 0.000 anchor 0.000 0.649s/rec
ep0 step 1420/1564 loss 0.470 kl 0.000 anchor 0.000 0.648s/rec
ep0 step 1430/1564 loss 0.482 kl 0.000 anchor 0.000 0.649s/rec
ep0 step 1440/1564 loss 0.218 kl 0.000 anchor 0.000 0.649s/rec
ep0 step 1450/1564 loss 0.330 kl 0.000 anchor 0.000 0.649s/rec
ep0 step 1460/1564 loss 0.362 kl 0.000 anchor 0.000 0.648s/rec
ep0 step 1470/1564 loss 0.285 kl 0.000 anchor 0.000 0.649s/rec
ep0 step 1480/1564 loss 0.510 kl 0.000 anchor 0.000 0.649s/rec
ep0 step 1490/1564 loss 0.460 kl 0.000 anchor 0.000 0.649s/rec
ep0 step 1500/1564 loss 0.339 kl 0.000 anchor 0.000 0.649s/rec
ep0 step 1510/1564 loss 0.322 kl 0.000 anchor 0.000 0.648s/rec
ep0 step 1520/1564 loss 0.315 kl 0.000 anchor 0.000 0.648s/rec
ep0 step 1530/1564 loss 0.430 kl 0.000 anchor 0.000 0.648s/rec
ep0 step 1540/1564 loss 0.349 kl 0.000 anchor 0.000 0.648s/rec
ep0 step 1550/1564 loss 0.397 kl 0.000 anchor 0.000 0.648s/rec
ep0 step 1560/1564 loss 0.322 kl 0.000 anchor 0.000 0.648s/rec
saved /runs/gemma4-31b-2/00-trial-0/checkpoint
